// Jest Snapshot v1, https://goo.gl/fbAQLP

exports[`Footer renders without crashing 1`] = `
.c0 {
  bottom: auto;
  left: auto;
  position: relative;
  width: 100%;
}

.c1 {
  cursor: default;
  list-style: none;
  padding-left: 0;
  margin: 0;
}

.c2 {
  display: inline-block;
  padding: 0 1em 0 0;
}

.c2:last-child {
  padding-right: 0;
}

.c3 {
  -webkit-transition: color 0.2s ease-in-out;
  transition: color 0.2s ease-in-out;
  -webkit-text-decoration: none;
  text-decoration: none;
  font-size: 1.5em;
  border-bottom: none;
  position: relative;
  color: rgba(255,255,255,0.4);
}

.c3 > span {
  display: none;
}

.c3:hover {
  color: #ffffff;
}

@media screen and (max-width:980px) {
  .c0 {
    bottom: auto;
    left: auto;
    padding: 4em 4em 6em 4em;
    position: relative;
    text-align: center;
    width: 100%;
  }
}

@media screen and (max-width:980px) {
  .c1 {
    margin: 0 0 1em 0;
  }
}

<div>
  <div
    class="c0"
  >
    <ul
      class="c1"
    >
      <li
        class="c2"
      >
        <a
          aria-label="Email"
          class="c3"
          href="mailto:contact@pablo.dev"
          rel="noopener noreferrer"
          target="_blank"
          title="Email"
        >
          <svg
            class="far-envelope"
          />
          <span>
            Email
          </span>
        </a>
      </li>
      <li
        class="c2"
      >
        <a
          aria-label="GitHub"
          class="c3"
          href="https://github.com/meuxx"
          rel="noopener noreferrer"
          target="_blank"
          title="GitHub"
        >
          <svg
            class="fab-github"
          />
          <span>
            GitHub
          </span>
        </a>
      </li>
      <li
        class="c2"
      >
        <a
          aria-label="LinkedIn"
          class="c3"
          href="https://www.linkedin.com/in/pablo-maceda"
          rel="noopener noreferrer"
          target="_blank"
          title="LinkedIn"
        >
          <svg
            class="fab-linkedin"
          />
          <span>
            LinkedIn
          </span>
        </a>
      </li>
    </ul>
  </div>
</div>
`;
